00:00 +0: loading E:/project/printflow/test/widget_test.dart
00:00 +0: PrintFlow app smoke test
══╡ EXCEPTION CAUGHT BY WIDGETS LIBRARY ╞═══════════════════════════════════════════════════════════
The following HiveError was thrown building DashboardScreen(dirty, dependencies:
[_InheritedProviderScope<OrderProvider?>]):
Box not found. Did you forget to call Hive.openBox()?

The relevant error-causing widget was:
  DashboardScreen DashboardScreen:file:///E:/project/printflow/lib/screens/home_screen.dart:19:5

When the exception was thrown, this was the stack:
#0      HiveImpl._getBoxInternal (package:hive/src/hive_impl.dart:186:7)
#1      HiveImpl.box (package:hive/src/hive_impl.dart:197:33)
#2      new OrderProvider (package:printflow/providers/order_provider.dart:8:32)
#3      PrintFlowApp.build.<anonymous closure> (package:printflow/main.dart:53:47)
#4      _CreateInheritedProviderState.value (package:provider/src/inherited_provider.dart:749:36)
#5      _InheritedProviderScopeElement.value (package:provider/src/inherited_provider.dart:603:33)
#6      Provider.of (package:provider/src/provider.dart:337:37)
#7      WatchContext.watch (package:provider/src/provider.dart:727:21)
#8      DashboardScreen.build (package:printflow/screens/dashboard_screen.dart:19:28)
#9      StatelessElement.build (package:flutter/src/widgets/framework.dart:5889:49)
#10     ComponentElement.performRebuild (package:flutter/src/widgets/framework.dart:5817:15)
#11     Element.rebuild (package:flutter/src/widgets/framework.dart:5529:7)
#12     ComponentElement._firstBuild (package:flutter/src/widgets/framework.dart:5799:5)
#13     ComponentElement.mount (package:flutter/src/widgets/framework.dart:5793:5)
...     Normal element mounting (39 frames)
#52     Element.inflateWidget (package:flutter/src/widgets/framework.dart:4587:20)
#53     MultiChildRenderObjectElement.inflateWidget (package:flutter/src/widgets/framework.dart:7264:36)
#54     MultiChildRenderObjectElement.mount (package:flutter/src/widgets/framework.dart:7279:32)
...     Normal element mounting (31 frames)
#85     Element.inflateWidget (package:flutter/src/widgets/framework.dart:4587:20)
#86     MultiChildRenderObjectElement.inflateWidget (package:flutter/src/widgets/framework.dart:7264:36)
#87     MultiChildRenderObjectElement.mount (package:flutter/src/widgets/framework.dart:7279:32)
...     Normal element mounting (372 frames)
#459    Element.inflateWidget (package:flutter/src/widgets/framework.dart:4587:20)
#460    MultiChildRenderObjectElement.inflateWidget (package:flutter/src/widgets/framework.dart:7264:36)
#461    MultiChildRenderObjectElement.mount (package:flutter/src/widgets/framework.dart:7279:32)
...     Normal element mounting (456 frames)
#917    _InheritedProviderScopeElement.mount (package:provider/src/inherited_provider.dart:424:11)
...     Normal element mounting (7 frames)
#924    _InheritedProviderScopeElement.mount (package:provider/src/inherited_provider.dart:424:11)
...     Normal element mounting (7 frames)
#931    _InheritedProviderScopeElement.mount (package:provider/src/inherited_provider.dart:424:11)
...     Normal element mounting (7 frames)
#938    _InheritedProviderScopeElement.mount (package:provider/src/inherited_provider.dart:424:11)
...     Normal element mounting (7 frames)
#945    SingleChildWidgetElementMixin.mount (package:nested/nested.dart:222:11)
...     Normal element mounting (7 frames)
#952    _NestedHookElement.mount (package:nested/nested.dart:187:11)
...     Normal element mounting (7 frames)
#959    SingleChildWidgetElementMixin.mount (package:nested/nested.dart:222:11)
...     Normal element mounting (7 frames)
#966    Element.inflateWidget (package:flutter/src/widgets/framework.dart:4587:20)
#967    Element.updateChild (package:flutter/src/widgets/framework.dart:4053:20)
#968    ComponentElement.performRebuild (package:flutter/src/widgets/framework.dart:5841:16)
#969    Element.rebuild (package:flutter/src/widgets/framework.dart:5529:7)
#970    ProxyElement.update (package:flutter/src/widgets/framework.dart:6149:5)
#971    _InheritedNotifierElement.update (package:flutter/src/widgets/inherited_notifier.dart:108:11)
#972    Element.updateChild (package:flutter/src/widgets/framework.dart:4037:15)
#973    ComponentElement.performRebuild (package:flutter/src/widgets/framework.dart:5841:16)
#974    StatefulElement.performRebuild (package:flutter/src/widgets/framework.dart:5982:11)
#975    Element.rebuild (package:flutter/src/widgets/framework.dart:5529:7)
#976    StatefulElement.update (package:flutter/src/widgets/framework.dart:6007:5)
#977    Element.updateChild (package:flutter/src/widgets/framework.dart:4037:15)
#978    ComponentElement.performRebuild (package:flutter/src/widgets/framework.dart:5841:16)
#979    Element.rebuild (package:flutter/src/widgets/framework.dart:5529:7)
#980    ProxyElement.update (package:flutter/src/widgets/framework.dart:6149:5)
#981    _InheritedNotifierElement.update (package:flutter/src/widgets/inherited_notifier.dart:108:11)
#982    Element.updateChild (package:flutter/src/widgets/framework.dart:4037:15)
#983    ComponentElement.performRebuild (package:flutter/src/widgets/framework.dart:5841:16)
#984    StatefulElement.performRebuild (package:flutter/src/widgets/framework.dart:5982:11)
#985    Element.rebuild (package:flutter/src/widgets/framework.dart:5529:7)
#986    StatefulElement.update (package:flutter/src/widgets/framework.dart:6007:5)
#987    Element.updateChild (package:flutter/src/widgets/framework.dart:4037:15)
#988    ComponentElement.performRebuild (package:flutter/src/widgets/framework.dart:5841:16)
#989    StatefulElement.performRebuild (package:flutter/src/widgets/framework.dart:5982:11)
#990    Element.rebuild (package:flutter/src/widgets/framework.dart:5529:7)
#991    StatefulElement.update (package:flutter/src/widgets/framework.dart:6007:5)
#992    Element.updateChild (package:flutter/src/widgets/framework.dart:4037:15)
#993    ComponentElement.performRebuild (package:flutter/src/widgets/framework.dart:5841:16)
#994    Element.rebuild (package:flutter/src/widgets/framework.dart:5529:7)
#995    ProxyElement.update (package:flutter/src/widgets/framework.dart:6149:5)
#996    Element.updateChild (package:flutter/src/widgets/framework.dart:4037:15)
#997    ComponentElement.performRebuild (package:flutter/src/widgets/framework.dart:5841:16)
#998    StatefulElement.performRebuild (package:flutter/src/widgets/framework.dart:5982:11)
#999    Element.rebuild (package:flutter/src/widgets/framework.dart:5529:7)
#1000   StatefulElement.update (package:flutter/src/widgets/framework.dart:6007:5)
#1001   Element.updateChild (package:flutter/src/widgets/framework.dart:4037:15)
#1002   ComponentElement.performRebuild (package:flutter/src/widgets/framework.dart:5841:16)
#1003   Element.rebuild (package:flutter/src/widgets/framework.dart:5529:7)
#1004   ProxyElement.update (package:flutter/src/widgets/framework.dart:6149:5)
#1005   Element.updateChild (package:flutter/src/widgets/framework.dart:4037:15)
#1006   ComponentElement.performRebuild (package:flutter/src/widgets/framework.dart:5841:16)
#1007   Element.rebuild (package:flutter/src/widgets/framework.dart:5529:7)
#1008   ProxyElement.update (package:flutter/src/widgets/framework.dart:6149:5)
#1009   Element.updateChild (package:flutter/src/widgets/framework.dart:4037:15)
#1010   _RawViewElement._updateChild (package:flutter/src/widgets/view.dart:481:16)
#1011   _RawViewElement.update (package:flutter/src/widgets/view.dart:568:5)
#1012   Element.updateChild (package:flutter/src/widgets/framework.dart:4037:15)
#1013   ComponentElement.performRebuild (package:flutter/src/widgets/framework.dart:5841:16)
#1014   Element.rebuild (package:flutter/src/widgets/framework.dart:5529:7)
#1015   StatelessElement.update (package:flutter/src/widgets/framework.dart:5895:5)
#1016   Element.updateChild (package:flutter/src/widgets/framework.dart:4037:15)
#1017   ComponentElement.performRebuild (package:flutter/src/widgets/framework.dart:5841:16)
#1018   StatefulElement.performRebuild (package:flutter/src/widgets/framework.dart:5982:11)
#1019   Element.rebuild (package:flutter/src/widgets/framework.dart:5529:7)
#1020   StatefulElement.update (package:flutter/src/widgets/framework.dart:6007:5)
#1021   Element.updateChild (package:flutter/src/widgets/framework.dart:4037:15)
#1022   RootElement._rebuild (package:flutter/src/widgets/binding.dart:1822:16)
#1023   RootElement.update (package:flutter/src/widgets/binding.dart:1800:5)
#1024   RootElement.performRebuild (package:flutter/src/widgets/binding.dart:1814:7)
#1025   Element.rebuild (package:flutter/src/widgets/framework.dart:5529:7)
#1026   BuildScope._tryRebuild (package:flutter/src/widgets/framework.dart:2750:15)
#1027   BuildScope._flushDirtyElements (package:flutter/src/widgets/framework.dart:2807:11)
#1028   BuildOwner.buildScope (package:flutter/src/widgets/framework.dart:3111:18)
#1029   AutomatedTestWidgetsFlutterBinding.drawFrame (package:flutter_test/src/binding.dart:2131:19)
#1030   RendererBinding._handlePersistentFrameCallback (package:flutter/src/rendering/binding.dart:495:5)
#1031   SchedulerBinding._invokeFrameCallback (package:flutter/src/scheduler/binding.dart:1430:15)
#1032   SchedulerBinding.handleDrawFrame (package:flutter/src/scheduler/binding.dart:1345:9)
#1033   AutomatedTestWidgetsFlutterBinding.pump.<anonymous closure> (package:flutter_test/src/binding.dart:1960:9)
#1036   TestAsyncUtils.guard (package:flutter_test/src/test_async_utils.dart:74:41)
#1037   AutomatedTestWidgetsFlutterBinding.pump (package:flutter_test/src/binding.dart:1949:27)
#1038   WidgetTester.pumpWidget.<anonymous closure> (package:flutter_test/src/widget_tester.dart:598:22)
#1041   TestAsyncUtils.guard (package:flutter_test/src/test_async_utils.dart:74:41)
#1042   WidgetTester.pumpWidget (package:flutter_test/src/widget_tester.dart:595:27)
#1043   main.<anonymous closure> (file:///E:/project/printflow/test/widget_test.dart:6:18)
#1044   testWidgets.<anonymous closure>.<anonymous closure> (package:flutter_test/src/widget_tester.dart:192:29)
<asynchronous suspension>
#1045   TestWidgetsFlutterBinding._runTestBody (package:flutter_test/src/binding.dart:1682:5)
<asynchronous suspension>
<asynchronous suspension>
(elided 5 frames from dart:async and package:stack_trace)

════════════════════════════════════════════════════════════════════════════════════════════════════
══╡ EXCEPTION CAUGHT BY WIDGETS LIBRARY ╞═══════════════════════════════════════════════════════════
The following StateError was thrown building OrdersListScreen(dirty, dependencies:
[_InheritedProviderScope<OrderProvider?>]):
Bad state: Tried to read a provider that threw during the creation of its value.
The exception occurred during the creation of type OrderProvider.

══╡ EXCEPTION CAUGHT BY PROVIDER ╞═══════════════════════════════
The following HiveError was thrown:
Box not found. Did you forget to call Hive.openBox()?

When the exception was thrown, this was the stack:
#0      HiveImpl._getBoxInternal (package:hive/src/hive_impl.dart:186:7)
#1      HiveImpl.box (package:hive/src/hive_impl.dart:197:33)
#2      new OrderProvider (package:printflow/providers/order_provider.dart:8:32)
#3      PrintFlowApp.build.<anonymous closure> (package:printflow/main.dart:53:47)
#4      _CreateInheritedProviderState.value (package:provider/src/inherited_provider.dart:749:36)
#5      _InheritedProviderScopeElement.value (package:provider/src/inherited_provider.dart:603:33)
#6      Provider.of (package:provider/src/provider.dart:337:37)
#7      WatchContext.watch (package:provider/src/provider.dart:727:21)
#8      DashboardScreen.build (package:printflow/screens/dashboard_screen.dart:19:28)
#9      StatelessElement.build (package:flutter/src/widgets/framework.dart:5889:49)
#10     ComponentElement.performRebuild (package:flutter/src/widgets/framework.dart:5817:15)
#11     Element.rebuild (package:flutter/src/widgets/framework.dart:5529:7)
#12     ComponentElement._firstBuild (package:flutter/src/widgets/framework.dart:5799:5)
#13     ComponentElement.mount (package:flutter/src/widgets/framework.dart:5793:5)
...     Normal element mounting (39 frames)
#52     Element.inflateWidget (package:flutter/src/widgets/framework.dart:4587:20)
#53     MultiChildRenderObjectElement.inflateWidget
(package:flutter/src/widgets/framework.dart:7264:36)
#54     MultiChildRenderObjectElement.mount (package:flutter/src/widgets/framework.dart:7279:32)
...     Normal element mounting (31 frames)
#85     Element.inflateWidget (package:flutter/src/widgets/framework.dart:4587:20)
#86     MultiChildRenderObjectElement.inflateWidget
(package:flutter/src/widgets/framework.dart:7264:36)
#87     MultiChildRenderObjectElement.mount (package:flutter/src/widgets/framework.dart:7279:32)
...     Normal element mounting (372 frames)
#459    Element.inflateWidget (package:flutter/src/widgets/framework.dart:4587:20)
#460    MultiChildRenderObjectElement.inflateWidget
(package:flutter/src/widgets/framework.dart:7264:36)
#461    MultiChildRenderObjectElement.mount (package:flutter/src/widgets/framework.dart:7279:32)
...     Normal element mounting (456 frames)
#917    _InheritedProviderScopeElement.mount (package:provider/src/inherited_provider.dart:424:11)
...     Normal element mounting (7 frames)
#924    _InheritedProviderScopeElement.mount (package:provider/src/inherited_provider.dart:424:11)
...     Normal element mounting (7 frames)
#931    _InheritedProviderScopeElement.mount (package:provider/src/inherited_provider.dart:424:11)
...     Normal element mounting (7 frames)
#938    _InheritedProviderScopeElement.mount (package:provider/src/inherited_provider.dart:424:11)
...     Normal element mounting (7 frames)
#945    SingleChildWidgetElementMixin.mount (package:nested/nested.dart:222:11)
...     Normal element mounting (7 frames)
#952    _NestedHookElement.mount (package:nested/nested.dart:187:11)
...     Normal element mounting (7 frames)
#959    SingleChildWidgetElementMixin.mount (package:nested/nested.dart:222:11)
...     Normal element mounting (7 frames)
#966    Element.inflateWidget (package:flutter/src/widgets/framework.dart:4587:20)
#967    Element.updateChild (package:flutter/src/widgets/framework.dart:4053:20)
#968    ComponentElement.performRebuild (package:flutter/src/widgets/framework.dart:5841:16)
#969    Element.rebuild (package:flutter/src/widgets/framework.dart:5529:7)
#970    ProxyElement.update (package:flutter/src/widgets/framework.dart:6149:5)
#971    _InheritedNotifierElement.update
(package:flutter/src/widgets/inherited_notifier.dart:108:11)
#972    Element.updateChild (package:flutter/src/widgets/framework.dart:4037:15)
#973    ComponentElement.performRebuild (package:flutter/src/widgets/framework.dart:5841:16)
#974    StatefulElement.performRebuild (package:flutter/src/widgets/framework.dart:5982:11)
#975    Element.rebuild (package:flutter/src/widgets/framework.dart:5529:7)
#976    StatefulElement.update (package:flutter/src/widgets/framework.dart:6007:5)
#977    Element.updateChild (package:flutter/src/widgets/framework.dart:4037:15)
#978    ComponentElement.performRebuild (package:flutter/src/widgets/framework.dart:5841:16)
#979    Element.rebuild (package:flutter/src/widgets/framework.dart:5529:7)
#980    ProxyElement.update (package:flutter/src/widgets/framework.dart:6149:5)
#981    _InheritedNotifierElement.update
(package:flutter/src/widgets/inherited_notifier.dart:108:11)
#982    Element.updateChild (package:flutter/src/widgets/framework.dart:4037:15)
#983    ComponentElement.performRebuild (package:flutter/src/widgets/framework.dart:5841:16)
#984    StatefulElement.performRebuild (package:flutter/src/widgets/framework.dart:5982:11)
#985    Element.rebuild (package:flutter/src/widgets/framework.dart:5529:7)
#986    StatefulElement.update (package:flutter/src/widgets/framework.dart:6007:5)
#987    Element.updateChild (package:flutter/src/widgets/framework.dart:4037:15)
#988    ComponentElement.performRebuild (package:flutter/src/widgets/framework.dart:5841:16)
#989    StatefulElement.performRebuild (package:flutter/src/widgets/framework.dart:5982:11)
#990    Element.rebuild (package:flutter/src/widgets/framework.dart:5529:7)
#991    StatefulElement.update (package:flutter/src/widgets/framework.dart:6007:5)
#992    Element.updateChild (package:flutter/src/widgets/framework.dart:4037:15)
#993    ComponentElement.performRebuild (package:flutter/src/widgets/framework.dart:5841:16)
#994    Element.rebuild (package:flutter/src/widgets/framework.dart:5529:7)
#995    ProxyElement.update (package:flutter/src/widgets/framework.dart:6149:5)
#996    Element.updateChild (package:flutter/src/widgets/framework.dart:4037:15)
#997    ComponentElement.performRebuild (package:flutter/src/widgets/framework.dart:5841:16)
#998    StatefulElement.performRebuild (package:flutter/src/widgets/framework.dart:5982:11)
#999    Element.rebuild (package:flutter/src/widgets/framework.dart:5529:7)
#1000   StatefulElement.update (package:flutter/src/widgets/framework.dart:6007:5)
#1001   Element.updateChild (package:flutter/src/widgets/framework.dart:4037:15)
#1002   ComponentElement.performRebuild (package:flutter/src/widgets/framework.dart:5841:16)
#1003   Element.rebuild (package:flutter/src/widgets/framework.dart:5529:7)
#1004   ProxyElement.update (package:flutter/src/widgets/framework.dart:6149:5)
#1005   Element.updateChild (package:flutter/src/widgets/framework.dart:4037:15)
#1006   ComponentElement.performRebuild (package:flutter/src/widgets/framework.dart:5841:16)
#1007   Element.rebuild (package:flutter/src/widgets/framework.dart:5529:7)
#1008   ProxyElement.update (package:flutter/src/widgets/framework.dart:6149:5)
#1009   Element.updateChild (package:flutter/src/widgets/framework.dart:4037:15)
#1010   _RawViewElement._updateChild (package:flutter/src/widgets/view.dart:481:16)
#1011   _RawViewElement.update (package:flutter/src/widgets/view.dart:568:5)
#1012   Element.updateChild (package:flutter/src/widgets/framework.dart:4037:15)
#1013   ComponentElement.performRebuild (package:flutter/src/widgets/framework.dart:5841:16)
#1014   Element.rebuild (package:flutter/src/widgets/framework.dart:5529:7)
#1015   StatelessElement.update (package:flutter/src/widgets/framework.dart:5895:5)
#1016   Element.updateChild (package:flutter/src/widgets/framework.dart:4037:15)
#1017   ComponentElement.performRebuild (package:flutter/src/widgets/framework.dart:5841:16)
#1018   StatefulElement.performRebuild (package:flutter/src/widgets/framework.dart:5982:11)
#1019   Element.rebuild (package:flutter/src/widgets/framework.dart:5529:7)
#1020   StatefulElement.update (package:flutter/src/widgets/framework.dart:6007:5)
#1021   Element.updateChild (package:flutter/src/widgets/framework.dart:4037:15)
#1022   RootElement._rebuild (package:flutter/src/widgets/binding.dart:1822:16)
#1023   RootElement.update (package:flutter/src/widgets/binding.dart:1800:5)
#1024   RootElement.performRebuild (package:flutter/src/widgets/binding.dart:1814:7)
#1025   Element.rebuild (package:flutter/src/widgets/framework.dart:5529:7)
#1026   BuildScope._tryRebuild (package:flutter/src/widgets/framework.dart:2750:15)
#1027   BuildScope._flushDirtyElements (package:flutter/src/widgets/framework.dart:2807:11)
#1028   BuildOwner.buildScope (package:flutter/src/widgets/framework.dart:3111:18)
#1029   AutomatedTestWidgetsFlutterBinding.drawFrame (package:flutter_test/src/binding.dart:2131:19)
#1030   RendererBinding._handlePersistentFrameCallback
(package:flutter/src/rendering/binding.dart:495:5)
#1031   SchedulerBinding._invokeFrameCallback (package:flutter/src/scheduler/binding.dart:1430:15)
#1032   SchedulerBinding.handleDrawFrame (package:flutter/src/scheduler/binding.dart:1345:9)
#1033   AutomatedTestWidgetsFlutterBinding.pump.<anonymous closure>
(package:flutter_test/src/binding.dart:1960:9)
#1036   TestAsyncUtils.guard (package:flutter_test/src/test_async_utils.dart:74:41)
#1037   AutomatedTestWidgetsFlutterBinding.pump (package:flutter_test/src/binding.dart:1949:27)
#1038   WidgetTester.pumpWidget.<anonymous closure>
(package:flutter_test/src/widget_tester.dart:598:22)
#1041   TestAsyncUtils.guard (package:flutter_test/src/test_async_utils.dart:74:41)
#1042   WidgetTester.pumpWidget (package:flutter_test/src/widget_tester.dart:595:27)
#1043   main.<anonymous closure> (file:///E:/project/printflow/test/widget_test.dart:6:18)
#1044   testWidgets.<anonymous closure>.<anonymous closure>
(package:flutter_test/src/widget_tester.dart:192:29)
<asynchronous suspension>
#1045   TestWidgetsFlutterBinding._runTestBody (package:flutter_test/src/binding.dart:1682:5)
<asynchronous suspension>
<asynchronous suspension>
(elided 5 frames from dart:async and package:stack_trace)
═════════════════════════════════════════════════════════════════

The relevant error-causing widget was:
  OrdersListScreen OrdersListScreen:file:///E:/project/printflow/lib/screens/home_screen.dart:20:5

When the exception was thrown, this was the stack:
#0      _CreateInheritedProviderState.value (package:provider/src/inherited_provider.dart:722:7)
#1      _InheritedProviderScopeElement.value (package:provider/src/inherited_provider.dart:603:33)
#2      Provider.of (package:provider/src/provider.dart:337:37)
#3      WatchContext.watch (package:provider/src/provider.dart:727:21)
#4      OrdersListScreen.build (package:printflow/screens/orders_list_screen.dart:16:30)
#5      StatelessElement.build (package:flutter/src/widgets/framework.dart:5889:49)
#6      ComponentElement.performRebuild (package:flutter/src/widgets/framework.dart:5817:15)
#7      Element.rebuild (package:flutter/src/widgets/framework.dart:5529:7)
#8      ComponentElement._firstBuild (package:flutter/src/widgets/framework.dart:5799:5)
#9      ComponentElement.mount (package:flutter/src/widgets/framework.dart:5793:5)
...     Normal element mounting (39 frames)
#48     Element.inflateWidget (package:flutter/src/widgets/framework.dart:4587:20)
#49     MultiChildRenderObjectElement.inflateWidget (package:flutter/src/widgets/framework.dart:7264:36)
#50     MultiChildRenderObjectElement.mount (package:flutter/src/widgets/framework.dart:7279:32)
...     Normal element mounting (31 frames)
#81     Element.inflateWidget (package:flutter/src/widgets/framework.dart:4587:20)
#82     MultiChildRenderObjectElement.inflateWidget (package:flutter/src/widgets/framework.dart:7264:36)
#83     MultiChildRenderObjectElement.mount (package:flutter/src/widgets/framework.dart:7279:32)
...     Normal element mounting (372 frames)
#455    Element.inflateWidget (package:flutter/src/widgets/framework.dart:4587:20)
#456    MultiChildRenderObjectElement.inflateWidget (package:flutter/src/widgets/framework.dart:7264:36)
#457    MultiChildRenderObjectElement.mount (package:flutter/src/widgets/framework.dart:7279:32)
...     Normal element mounting (456 frames)
#913    _InheritedProviderScopeElement.mount (package:provider/src/inherited_provider.dart:424:11)
...     Normal element mounting (7 frames)
#920    _InheritedProviderScopeElement.mount (package:provider/src/inherited_provider.dart:424:11)
...     Normal element mounting (7 frames)
#927    _InheritedProviderScopeElement.mount (package:provider/src/inherited_provider.dart:424:11)
...     Normal element mounting (7 frames)
#934    _InheritedProviderScopeElement.mount (package:provider/src/inherited_provider.dart:424:11)
...     Normal element mounting (7 frames)
#941    SingleChildWidgetElementMixin.mount (package:nested/nested.dart:222:11)
...     Normal element mounting (7 frames)
#948    _NestedHookElement.mount (package:nested/nested.dart:187:11)
...     Normal element mounting (7 frames)
#955    SingleChildWidgetElementMixin.mount (package:nested/nested.dart:222:11)
...     Normal element mounting (7 frames)
#962    Element.inflateWidget (package:flutter/src/widgets/framework.dart:4587:20)
#963    Element.updateChild (package:flutter/src/widgets/framework.dart:4053:20)
#964    ComponentElement.performRebuild (package:flutter/src/widgets/framework.dart:5841:16)
#965    Element.rebuild (package:flutter/src/widgets/framework.dart:5529:7)
#966    ProxyElement.update (package:flutter/src/widgets/framework.dart:6149:5)
#967    _InheritedNotifierElement.update (package:flutter/src/widgets/inherited_notifier.dart:108:11)
#968    Element.updateChild (package:flutter/src/widgets/framework.dart:4037:15)
#969    ComponentElement.performRebuild (package:flutter/src/widgets/framework.dart:5841:16)
#970    StatefulElement.performRebuild (package:flutter/src/widgets/framework.dart:5982:11)
#971    Element.rebuild (package:flutter/src/widgets/framework.dart:5529:7)
#972    StatefulElement.update (package:flutter/src/widgets/framework.dart:6007:5)
#973    Element.updateChild (package:flutter/src/widgets/framework.dart:4037:15)
#974    ComponentElement.performRebuild (package:flutter/src/widgets/framework.dart:5841:16)
#975    Element.rebuild (package:flutter/src/widgets/framework.dart:5529:7)
#976    ProxyElement.update (package:flutter/src/widgets/framework.dart:6149:5)
#977    _InheritedNotifierElement.update (package:flutter/src/widgets/inherited_notifier.dart:108:11)
#978    Element.updateChild (package:flutter/src/widgets/framework.dart:4037:15)
#979    ComponentElement.performRebuild (package:flutter/src/widgets/framework.dart:5841:16)
#980    StatefulElement.performRebuild (package:flutter/src/widgets/framework.dart:5982:11)
#981    Element.rebuild (package:flutter/src/widgets/framework.dart:5529:7)
#982    StatefulElement.update (package:flutter/src/widgets/framework.dart:6007:5)
#983    Element.updateChild (package:flutter/src/widgets/framework.dart:4037:15)
#984    ComponentElement.performRebuild (package:flutter/src/widgets/framework.dart:5841:16)
#985    StatefulElement.performRebuild (package:flutter/src/widgets/framework.dart:5982:11)
#986    Element.rebuild (package:flutter/src/widgets/framework.dart:5529:7)
#987    StatefulElement.update (package:flutter/src/widgets/framework.dart:6007:5)
#988    Element.updateChild (package:flutter/src/widgets/framework.dart:4037:15)
#989    ComponentElement.performRebuild (package:flutter/src/widgets/framework.dart:5841:16)
#990    Element.rebuild (package:flutter/src/widgets/framework.dart:5529:7)
#991    ProxyElement.update (package:flutter/src/widgets/framework.dart:6149:5)
#992    Element.updateChild (package:flutter/src/widgets/framework.dart:4037:15)
#993    ComponentElement.performRebuild (package:flutter/src/widgets/framework.dart:5841:16)
#994    StatefulElement.performRebuild (package:flutter/src/widgets/framework.dart:5982:11)
#995    Element.rebuild (package:flutter/src/widgets/framework.dart:5529:7)
#996    StatefulElement.update (package:flutter/src/widgets/framework.dart:6007:5)
#997    Element.updateChild (package:flutter/src/widgets/framework.dart:4037:15)
#998    ComponentElement.performRebuild (package:flutter/src/widgets/framework.dart:5841:16)
#999    Element.rebuild (package:flutter/src/widgets/framework.dart:5529:7)
#1000   ProxyElement.update (package:flutter/src/widgets/framework.dart:6149:5)
#1001   Element.updateChild (package:flutter/src/widgets/framework.dart:4037:15)
#1002   ComponentElement.performRebuild (package:flutter/src/widgets/framework.dart:5841:16)
#1003   Element.rebuild (package:flutter/src/widgets/framework.dart:5529:7)
#1004   ProxyElement.update (package:flutter/src/widgets/framework.dart:6149:5)
#1005   Element.updateChild (package:flutter/src/widgets/framework.dart:4037:15)
#1006   _RawViewElement._updateChild (package:flutter/src/widgets/view.dart:481:16)
#1007   _RawViewElement.update (package:flutter/src/widgets/view.dart:568:5)
#1008   Element.updateChild (package:flutter/src/widgets/framework.dart:4037:15)
#1009   ComponentElement.performRebuild (package:flutter/src/widgets/framework.dart:5841:16)
#1010   Element.rebuild (package:flutter/src/widgets/framework.dart:5529:7)
#1011   StatelessElement.update (package:flutter/src/widgets/framework.dart:5895:5)
#1012   Element.updateChild (package:flutter/src/widgets/framework.dart:4037:15)
#1013   ComponentElement.performRebuild (package:flutter/src/widgets/framework.dart:5841:16)
#1014   StatefulElement.performRebuild (package:flutter/src/widgets/framework.dart:5982:11)
#1015   Element.rebuild (package:flutter/src/widgets/framework.dart:5529:7)
#1016   StatefulElement.update (package:flutter/src/widgets/framework.dart:6007:5)
#1017   Element.updateChild (package:flutter/src/widgets/framework.dart:4037:15)
#1018   RootElement._rebuild (package:flutter/src/widgets/binding.dart:1822:16)
#1019   RootElement.update (package:flutter/src/widgets/binding.dart:1800:5)
#1020   RootElement.performRebuild (package:flutter/src/widgets/binding.dart:1814:7)
#1021   Element.rebuild (package:flutter/src/widgets/framework.dart:5529:7)
#1022   BuildScope._tryRebuild (package:flutter/src/widgets/framework.dart:2750:15)
#1023   BuildScope._flushDirtyElements (package:flutter/src/widgets/framework.dart:2807:11)
#1024   BuildOwner.buildScope (package:flutter/src/widgets/framework.dart:3111:18)
#1025   AutomatedTestWidgetsFlutterBinding.drawFrame (package:flutter_test/src/binding.dart:2131:19)
#1026   RendererBinding._handlePersistentFrameCallback (package:flutter/src/rendering/binding.dart:495:5)
#1027   SchedulerBinding._invokeFrameCallback (package:flutter/src/scheduler/binding.dart:1430:15)
#1028   SchedulerBinding.handleDrawFrame (package:flutter/src/scheduler/binding.dart:1345:9)
#1029   AutomatedTestWidgetsFlutterBinding.pump.<anonymous closure> (package:flutter_test/src/binding.dart:1960:9)
#1032   TestAsyncUtils.guard (package:flutter_test/src/test_async_utils.dart:74:41)
#1033   AutomatedTestWidgetsFlutterBinding.pump (package:flutter_test/src/binding.dart:1949:27)
#1034   WidgetTester.pumpWidget.<anonymous closure> (package:flutter_test/src/widget_tester.dart:598:22)
#1037   TestAsyncUtils.guard (package:flutter_test/src/test_async_utils.dart:74:41)
#1038   WidgetTester.pumpWidget (package:flutter_test/src/widget_tester.dart:595:27)
#1039   main.<anonymous closure> (file:///E:/project/printflow/test/widget_test.dart:6:18)
#1040   testWidgets.<anonymous closure>.<anonymous closure> (package:flutter_test/src/widget_tester.dart:192:29)
<asynchronous suspension>
#1041   TestWidgetsFlutterBinding._runTestBody (package:flutter_test/src/binding.dart:1682:5)
<asynchronous suspension>
<asynchronous suspension>
(elided 5 frames from dart:async and package:stack_trace)

════════════════════════════════════════════════════════════════════════════════════════════════════
══╡ EXCEPTION CAUGHT BY WIDGETS LIBRARY ╞═══════════════════════════════════════════════════════════
The following HiveError was thrown building ClientsListScreen(dirty, dependencies:
[_InheritedProviderScope<ClientProvider?>]):
Box not found. Did you forget to call Hive.openBox()?

The relevant error-causing widget was:
  ClientsListScreen ClientsListScreen:file:///E:/project/printflow/lib/screens/home_screen.dart:21:5

When the exception was thrown, this was the stack:
#0      HiveImpl._getBoxInternal (package:hive/src/hive_impl.dart:186:7)
#1      HiveImpl.box (package:hive/src/hive_impl.dart:197:33)
#2      new ClientProvider (package:printflow/providers/client_provider.dart:7:33)
#3      PrintFlowApp.build.<anonymous closure> (package:printflow/main.dart:52:47)
#4      _CreateInheritedProviderState.value (package:provider/src/inherited_provider.dart:749:36)
#5      _InheritedProviderScopeElement.value (package:provider/src/inherited_provider.dart:603:33)
#6      Provider.of (package:provider/src/provider.dart:337:37)
#7      WatchContext.watch (package:provider/src/provider.dart:727:21)
#8      ClientsListScreen.build (package:printflow/screens/clients_list_screen.dart:16:30)
#9      StatelessElement.build (package:flutter/src/widgets/framework.dart:5889:49)
#10     ComponentElement.performRebuild (package:flutter/src/widgets/framework.dart:5817:15)
#11     Element.rebuild (package:flutter/src/widgets/framework.dart:5529:7)
#12     ComponentElement._firstBuild (package:flutter/src/widgets/framework.dart:5799:5)
#13     ComponentElement.mount (package:flutter/src/widgets/framework.dart:5793:5)
...     Normal element mounting (39 frames)
#52     Element.inflateWidget (package:flutter/src/widgets/framework.dart:4587:20)
#53     MultiChildRenderObjectElement.inflateWidget (package:flutter/src/widgets/framework.dart:7264:36)
#54     MultiChildRenderObjectElement.mount (package:flutter/src/widgets/framework.dart:7279:32)
...     Normal element mounting (31 frames)
#85     Element.inflateWidget (package:flutter/src/widgets/framework.dart:4587:20)
#86     MultiChildRenderObjectElement.inflateWidget (package:flutter/src/widgets/framework.dart:7264:36)
#87     MultiChildRenderObjectElement.mount (package:flutter/src/widgets/framework.dart:7279:32)
...     Normal element mounting (372 frames)
#459    Element.inflateWidget (package:flutter/src/widgets/framework.dart:4587:20)
#460    MultiChildRenderObjectElement.inflateWidget (package:flutter/src/widgets/framework.dart:7264:36)
#461    MultiChildRenderObjectElement.mount (package:flutter/src/widgets/framework.dart:7279:32)
...     Normal element mounting (456 frames)
#917    _InheritedProviderScopeElement.mount (package:provider/src/inherited_provider.dart:424:11)
...     Normal element mounting (7 frames)
#924    _InheritedProviderScopeElement.mount (package:provider/src/inherited_provider.dart:424:11)
...     Normal element mounting (7 frames)
#931    _InheritedProviderScopeElement.mount (package:provider/src/inherited_provider.dart:424:11)
...     Normal element mounting (7 frames)
#938    _InheritedProviderScopeElement.mount (package:provider/src/inherited_provider.dart:424:11)
...     Normal element mounting (7 frames)
#945    SingleChildWidgetElementMixin.mount (package:nested/nested.dart:222:11)
...     Normal element mounting (7 frames)
#952    _NestedHookElement.mount (package:nested/nested.dart:187:11)
...     Normal element mounting (7 frames)
#959    SingleChildWidgetElementMixin.mount (package:nested/nested.dart:222:11)
...     Normal element mounting (7 frames)
#966    Element.inflateWidget (package:flutter/src/widgets/framework.dart:4587:20)
#967    Element.updateChild (package:flutter/src/widgets/framework.dart:4053:20)
#968    ComponentElement.performRebuild (package:flutter/src/widgets/framework.dart:5841:16)
#969    Element.rebuild (package:flutter/src/widgets/framework.dart:5529:7)
#970    ProxyElement.update (package:flutter/src/widgets/framework.dart:6149:5)
#971    _InheritedNotifierElement.update (package:flutter/src/widgets/inherited_notifier.dart:108:11)
#972    Element.updateChild (package:flutter/src/widgets/framework.dart:4037:15)
#973    ComponentElement.performRebuild (package:flutter/src/widgets/framework.dart:5841:16)
#974    StatefulElement.performRebuild (package:flutter/src/widgets/framework.dart:5982:11)
#975    Element.rebuild (package:flutter/src/widgets/framework.dart:5529:7)
#976    StatefulElement.update (package:flutter/src/widgets/framework.dart:6007:5)
#977    Element.updateChild (package:flutter/src/widgets/framework.dart:4037:15)
#978    ComponentElement.performRebuild (package:flutter/src/widgets/framework.dart:5841:16)
#979    Element.rebuild (package:flutter/src/widgets/framework.dart:5529:7)
#980    ProxyElement.update (package:flutter/src/widgets/framework.dart:6149:5)
#981    _InheritedNotifierElement.update (package:flutter/src/widgets/inherited_notifier.dart:108:11)
#982    Element.updateChild (package:flutter/src/widgets/framework.dart:4037:15)
#983    ComponentElement.performRebuild (package:flutter/src/widgets/framework.dart:5841:16)
#984    StatefulElement.performRebuild (package:flutter/src/widgets/framework.dart:5982:11)
#985    Element.rebuild (package:flutter/src/widgets/framework.dart:5529:7)
#986    StatefulElement.update (package:flutter/src/widgets/framework.dart:6007:5)
#987    Element.updateChild (package:flutter/src/widgets/framework.dart:4037:15)
#988    ComponentElement.performRebuild (package:flutter/src/widgets/framework.dart:5841:16)
#989    StatefulElement.performRebuild (package:flutter/src/widgets/framework.dart:5982:11)
#990    Element.rebuild (package:flutter/src/widgets/framework.dart:5529:7)
#991    StatefulElement.update (package:flutter/src/widgets/framework.dart:6007:5)
#992    Element.updateChild (package:flutter/src/widgets/framework.dart:4037:15)
#993    ComponentElement.performRebuild (package:flutter/src/widgets/framework.dart:5841:16)
#994    Element.rebuild (package:flutter/src/widgets/framework.dart:5529:7)
#995    ProxyElement.update (package:flutter/src/widgets/framework.dart:6149:5)
#996    Element.updateChild (package:flutter/src/widgets/framework.dart:4037:15)
#997    ComponentElement.performRebuild (package:flutter/src/widgets/framework.dart:5841:16)
#998    StatefulElement.performRebuild (package:flutter/src/widgets/framework.dart:5982:11)
#999    Element.rebuild (package:flutter/src/widgets/framework.dart:5529:7)
#1000   StatefulElement.update (package:flutter/src/widgets/framework.dart:6007:5)
#1001   Element.updateChild (package:flutter/src/widgets/framework.dart:4037:15)
#1002   ComponentElement.performRebuild (package:flutter/src/widgets/framework.dart:5841:16)
#1003   Element.rebuild (package:flutter/src/widgets/framework.dart:5529:7)
#1004   ProxyElement.update (package:flutter/src/widgets/framework.dart:6149:5)
#1005   Element.updateChild (package:flutter/src/widgets/framework.dart:4037:15)
#1006   ComponentElement.performRebuild (package:flutter/src/widgets/framework.dart:5841:16)
#1007   Element.rebuild (package:flutter/src/widgets/framework.dart:5529:7)
#1008   ProxyElement.update (package:flutter/src/widgets/framework.dart:6149:5)
#1009   Element.updateChild (package:flutter/src/widgets/framework.dart:4037:15)
#1010   _RawViewElement._updateChild (package:flutter/src/widgets/view.dart:481:16)
#1011   _RawViewElement.update (package:flutter/src/widgets/view.dart:568:5)
#1012   Element.updateChild (package:flutter/src/widgets/framework.dart:4037:15)
#1013   ComponentElement.performRebuild (package:flutter/src/widgets/framework.dart:5841:16)
#1014   Element.rebuild (package:flutter/src/widgets/framework.dart:5529:7)
#1015   StatelessElement.update (package:flutter/src/widgets/framework.dart:5895:5)
#1016   Element.updateChild (package:flutter/src/widgets/framework.dart:4037:15)
#1017   ComponentElement.performRebuild (package:flutter/src/widgets/framework.dart:5841:16)
#1018   StatefulElement.performRebuild (package:flutter/src/widgets/framework.dart:5982:11)
#1019   Element.rebuild (package:flutter/src/widgets/framework.dart:5529:7)
#1020   StatefulElement.update (package:flutter/src/widgets/framework.dart:6007:5)
#1021   Element.updateChild (package:flutter/src/widgets/framework.dart:4037:15)
#1022   RootElement._rebuild (package:flutter/src/widgets/binding.dart:1822:16)
#1023   RootElement.update (package:flutter/src/widgets/binding.dart:1800:5)
#1024   RootElement.performRebuild (package:flutter/src/widgets/binding.dart:1814:7)
#1025   Element.rebuild (package:flutter/src/widgets/framework.dart:5529:7)
#1026   BuildScope._tryRebuild (package:flutter/src/widgets/framework.dart:2750:15)
#1027   BuildScope._flushDirtyElements (package:flutter/src/widgets/framework.dart:2807:11)
#1028   BuildOwner.buildScope (package:flutter/src/widgets/framework.dart:3111:18)
#1029   AutomatedTestWidgetsFlutterBinding.drawFrame (package:flutter_test/src/binding.dart:2131:19)
#1030   RendererBinding._handlePersistentFrameCallback (package:flutter/src/rendering/binding.dart:495:5)
#1031   SchedulerBinding._invokeFrameCallback (package:flutter/src/scheduler/binding.dart:1430:15)
#1032   SchedulerBinding.handleDrawFrame (package:flutter/src/scheduler/binding.dart:1345:9)
#1033   AutomatedTestWidgetsFlutterBinding.pump.<anonymous closure> (package:flutter_test/src/binding.dart:1960:9)
#1036   TestAsyncUtils.guard (package:flutter_test/src/test_async_utils.dart:74:41)
#1037   AutomatedTestWidgetsFlutterBinding.pump (package:flutter_test/src/binding.dart:1949:27)
#1038   WidgetTester.pumpWidget.<anonymous closure> (package:flutter_test/src/widget_tester.dart:598:22)
#1041   TestAsyncUtils.guard (package:flutter_test/src/test_async_utils.dart:74:41)
#1042   WidgetTester.pumpWidget (package:flutter_test/src/widget_tester.dart:595:27)
#1043   main.<anonymous closure> (file:///E:/project/printflow/test/widget_test.dart:6:18)
#1044   testWidgets.<anonymous closure>.<anonymous closure> (package:flutter_test/src/widget_tester.dart:192:29)
<asynchronous suspension>
#1045   TestWidgetsFlutterBinding._runTestBody (package:flutter_test/src/binding.dart:1682:5)
<asynchronous suspension>
<asynchronous suspension>
(elided 5 frames from dart:async and package:stack_trace)

════════════════════════════════════════════════════════════════════════════════════════════════════
══╡ EXCEPTION CAUGHT BY WIDGETS LIBRARY ╞═══════════════════════════════════════════════════════════
The following HiveError was thrown building PrintModelsListScreen(dirty, dependencies:
[_InheritedProviderScope<PrintModelProvider?>]):
Box not found. Did you forget to call Hive.openBox()?

The relevant error-causing widget was:
  PrintModelsListScreen
  PrintModelsListScreen:file:///E:/project/printflow/lib/screens/home_screen.dart:22:5

When the exception was thrown, this was the stack:
#0      HiveImpl._getBoxInternal (package:hive/src/hive_impl.dart:186:7)
#1      HiveImpl.box (package:hive/src/hive_impl.dart:197:33)
#2      new PrintModelProvider (package:printflow/providers/print_model_provider.dart:7:37)
#3      PrintFlowApp.build.<anonymous closure> (package:printflow/main.dart:55:47)
#4      _CreateInheritedProviderState.value (package:provider/src/inherited_provider.dart:749:36)
#5      _InheritedProviderScopeElement.value (package:provider/src/inherited_provider.dart:603:33)
#6      Provider.of (package:provider/src/provider.dart:337:37)
#7      WatchContext.watch (package:provider/src/provider.dart:727:21)
#8      PrintModelsListScreen.build (package:printflow/screens/print_models_list_screen.dart:15:30)
#9      StatelessElement.build (package:flutter/src/widgets/framework.dart:5889:49)
#10     ComponentElement.performRebuild (package:flutter/src/widgets/framework.dart:5817:15)
#11     Element.rebuild (package:flutter/src/widgets/framework.dart:5529:7)
#12     ComponentElement._firstBuild (package:flutter/src/widgets/framework.dart:5799:5)
#13     ComponentElement.mount (package:flutter/src/widgets/framework.dart:5793:5)
...     Normal element mounting (39 frames)
#52     Element.inflateWidget (package:flutter/src/widgets/framework.dart:4587:20)
#53     MultiChildRenderObjectElement.inflateWidget (package:flutter/src/widgets/framework.dart:7264:36)
#54     MultiChildRenderObjectElement.mount (package:flutter/src/widgets/framework.dart:7279:32)
...     Normal element mounting (31 frames)
#85     Element.inflateWidget (package:flutter/src/widgets/framework.dart:4587:20)
#86     MultiChildRenderObjectElement.inflateWidget (package:flutter/src/widgets/framework.dart:7264:36)
#87     MultiChildRenderObjectElement.mount (package:flutter/src/widgets/framework.dart:7279:32)
...     Normal element mounting (372 frames)
#459    Element.inflateWidget (package:flutter/src/widgets/framework.dart:4587:20)
#460    MultiChildRenderObjectElement.inflateWidget (package:flutter/src/widgets/framework.dart:7264:36)
#461    MultiChildRenderObjectElement.mount (package:flutter/src/widgets/framework.dart:7279:32)
...     Normal element mounting (456 frames)
#917    _InheritedProviderScopeElement.mount (package:provider/src/inherited_provider.dart:424:11)
...     Normal element mounting (7 frames)
#924    _InheritedProviderScopeElement.mount (package:provider/src/inherited_provider.dart:424:11)
...     Normal element mounting (7 frames)
#931    _InheritedProviderScopeElement.mount (package:provider/src/inherited_provider.dart:424:11)
...     Normal element mounting (7 frames)
#938    _InheritedProviderScopeElement.mount (package:provider/src/inherited_provider.dart:424:11)
...     Normal element mounting (7 frames)
#945    SingleChildWidgetElementMixin.mount (package:nested/nested.dart:222:11)
...     Normal element mounting (7 frames)
#952    _NestedHookElement.mount (package:nested/nested.dart:187:11)
...     Normal element mounting (7 frames)
#959    SingleChildWidgetElementMixin.mount (package:nested/nested.dart:222:11)
...     Normal element mounting (7 frames)
#966    Element.inflateWidget (package:flutter/src/widgets/framework.dart:4587:20)
#967    Element.updateChild (package:flutter/src/widgets/framework.dart:4053:20)
#968    ComponentElement.performRebuild (package:flutter/src/widgets/framework.dart:5841:16)
#969    Element.rebuild (package:flutter/src/widgets/framework.dart:5529:7)
#970    ProxyElement.update (package:flutter/src/widgets/framework.dart:6149:5)
#971    _InheritedNotifierElement.update (package:flutter/src/widgets/inherited_notifier.dart:108:11)
#972    Element.updateChild (package:flutter/src/widgets/framework.dart:4037:15)
#973    ComponentElement.performRebuild (package:flutter/src/widgets/framework.dart:5841:16)
#974    StatefulElement.performRebuild (package:flutter/src/widgets/framework.dart:5982:11)
#975    Element.rebuild (package:flutter/src/widgets/framework.dart:5529:7)
#976    StatefulElement.update (package:flutter/src/widgets/framework.dart:6007:5)
#977    Element.updateChild (package:flutter/src/widgets/framework.dart:4037:15)
#978    ComponentElement.performRebuild (package:flutter/src/widgets/framework.dart:5841:16)
#979    Element.rebuild (package:flutter/src/widgets/framework.dart:5529:7)
#980    ProxyElement.update (package:flutter/src/widgets/framework.dart:6149:5)
#981    _InheritedNotifierElement.update (package:flutter/src/widgets/inherited_notifier.dart:108:11)
#982    Element.updateChild (package:flutter/src/widgets/framework.dart:4037:15)
#983    ComponentElement.performRebuild (package:flutter/src/widgets/framework.dart:5841:16)
#984    StatefulElement.performRebuild (package:flutter/src/widgets/framework.dart:5982:11)
#985    Element.rebuild (package:flutter/src/widgets/framework.dart:5529:7)
#986    StatefulElement.update (package:flutter/src/widgets/framework.dart:6007:5)
#987    Element.updateChild (package:flutter/src/widgets/framework.dart:4037:15)
#988    ComponentElement.performRebuild (package:flutter/src/widgets/framework.dart:5841:16)
#989    StatefulElement.performRebuild (package:flutter/src/widgets/framework.dart:5982:11)
#990    Element.rebuild (package:flutter/src/widgets/framework.dart:5529:7)
#991    StatefulElement.update (package:flutter/src/widgets/framework.dart:6007:5)
#992    Element.updateChild (package:flutter/src/widgets/framework.dart:4037:15)
#993    ComponentElement.performRebuild (package:flutter/src/widgets/framework.dart:5841:16)
#994    Element.rebuild (package:flutter/src/widgets/framework.dart:5529:7)
#995    ProxyElement.update (package:flutter/src/widgets/framework.dart:6149:5)
#996    Element.updateChild (package:flutter/src/widgets/framework.dart:4037:15)
#997    ComponentElement.performRebuild (package:flutter/src/widgets/framework.dart:5841:16)
#998    StatefulElement.performRebuild (package:flutter/src/widgets/framework.dart:5982:11)
#999    Element.rebuild (package:flutter/src/widgets/framework.dart:5529:7)
#1000   StatefulElement.update (package:flutter/src/widgets/framework.dart:6007:5)
#1001   Element.updateChild (package:flutter/src/widgets/framework.dart:4037:15)
#1002   ComponentElement.performRebuild (package:flutter/src/widgets/framework.dart:5841:16)
#1003   Element.rebuild (package:flutter/src/widgets/framework.dart:5529:7)
#1004   ProxyElement.update (package:flutter/src/widgets/framework.dart:6149:5)
#1005   Element.updateChild (package:flutter/src/widgets/framework.dart:4037:15)
#1006   ComponentElement.performRebuild (package:flutter/src/widgets/framework.dart:5841:16)
#1007   Element.rebuild (package:flutter/src/widgets/framework.dart:5529:7)
#1008   ProxyElement.update (package:flutter/src/widgets/framework.dart:6149:5)
#1009   Element.updateChild (package:flutter/src/widgets/framework.dart:4037:15)
#1010   _RawViewElement._updateChild (package:flutter/src/widgets/view.dart:481:16)
#1011   _RawViewElement.update (package:flutter/src/widgets/view.dart:568:5)
#1012   Element.updateChild (package:flutter/src/widgets/framework.dart:4037:15)
#1013   ComponentElement.performRebuild (package:flutter/src/widgets/framework.dart:5841:16)
#1014   Element.rebuild (package:flutter/src/widgets/framework.dart:5529:7)
#1015   StatelessElement.update (package:flutter/src/widgets/framework.dart:5895:5)
#1016   Element.updateChild (package:flutter/src/widgets/framework.dart:4037:15)
#1017   ComponentElement.performRebuild (package:flutter/src/widgets/framework.dart:5841:16)
#1018   StatefulElement.performRebuild (package:flutter/src/widgets/framework.dart:5982:11)
#1019   Element.rebuild (package:flutter/src/widgets/framework.dart:5529:7)
#1020   StatefulElement.update (package:flutter/src/widgets/framework.dart:6007:5)
#1021   Element.updateChild (package:flutter/src/widgets/framework.dart:4037:15)
#1022   RootElement._rebuild (package:flutter/src/widgets/binding.dart:1822:16)
#1023   RootElement.update (package:flutter/src/widgets/binding.dart:1800:5)
#1024   RootElement.performRebuild (package:flutter/src/widgets/binding.dart:1814:7)
#1025   Element.rebuild (package:flutter/src/widgets/framework.dart:5529:7)
#1026   BuildScope._tryRebuild (package:flutter/src/widgets/framework.dart:2750:15)
#1027   BuildScope._flushDirtyElements (package:flutter/src/widgets/framework.dart:2807:11)
#1028   BuildOwner.buildScope (package:flutter/src/widgets/framework.dart:3111:18)
#1029   AutomatedTestWidgetsFlutterBinding.drawFrame (package:flutter_test/src/binding.dart:2131:19)
#1030   RendererBinding._handlePersistentFrameCallback (package:flutter/src/rendering/binding.dart:495:5)
#1031   SchedulerBinding._invokeFrameCallback (package:flutter/src/scheduler/binding.dart:1430:15)
#1032   SchedulerBinding.handleDrawFrame (package:flutter/src/scheduler/binding.dart:1345:9)
#1033   AutomatedTestWidgetsFlutterBinding.pump.<anonymous closure> (package:flutter_test/src/binding.dart:1960:9)
#1036   TestAsyncUtils.guard (package:flutter_test/src/test_async_utils.dart:74:41)
#1037   AutomatedTestWidgetsFlutterBinding.pump (package:flutter_test/src/binding.dart:1949:27)
#1038   WidgetTester.pumpWidget.<anonymous closure> (package:flutter_test/src/widget_tester.dart:598:22)
#1041   TestAsyncUtils.guard (package:flutter_test/src/test_async_utils.dart:74:41)
#1042   WidgetTester.pumpWidget (package:flutter_test/src/widget_tester.dart:595:27)
#1043   main.<anonymous closure> (file:///E:/project/printflow/test/widget_test.dart:6:18)
#1044   testWidgets.<anonymous closure>.<anonymous closure> (package:flutter_test/src/widget_tester.dart:192:29)
<asynchronous suspension>
#1045   TestWidgetsFlutterBinding._runTestBody (package:flutter_test/src/binding.dart:1682:5)
<asynchronous suspension>
<asynchronous suspension>
(elided 5 frames from dart:async and package:stack_trace)

════════════════════════════════════════════════════════════════════════════════════════════════════
══╡ EXCEPTION CAUGHT BY WIDGETS LIBRARY ╞═══════════════════════════════════════════════════════════
The following HiveError was thrown building MaterialsListScreen(dirty, dependencies:
[_InheritedProviderScope<MaterialProvider?>]):
Box not found. Did you forget to call Hive.openBox()?

The relevant error-causing widget was:
  MaterialsListScreen
  MaterialsListScreen:file:///E:/project/printflow/lib/screens/home_screen.dart:23:5

When the exception was thrown, this was the stack:
#0      HiveImpl._getBoxInternal (package:hive/src/hive_impl.dart:186:7)
#1      HiveImpl.box (package:hive/src/hive_impl.dart:197:33)
#2      new MaterialProvider (package:printflow/providers/material_provider.dart:7:39)
#3      PrintFlowApp.build.<anonymous closure> (package:printflow/main.dart:54:47)
#4      _CreateInheritedProviderState.value (package:provider/src/inherited_provider.dart:749:36)
#5      _InheritedProviderScopeElement.value (package:provider/src/inherited_provider.dart:603:33)
#6      Provider.of (package:provider/src/provider.dart:337:37)
#7      WatchContext.watch (package:provider/src/provider.dart:727:21)
#8      MaterialsListScreen.build (package:printflow/screens/materials_list_screen.dart:15:30)
#9      StatelessElement.build (package:flutter/src/widgets/framework.dart:5889:49)
#10     ComponentElement.performRebuild (package:flutter/src/widgets/framework.dart:5817:15)
#11     Element.rebuild (package:flutter/src/widgets/framework.dart:5529:7)
#12     ComponentElement._firstBuild (package:flutter/src/widgets/framework.dart:5799:5)
#13     ComponentElement.mount (package:flutter/src/widgets/framework.dart:5793:5)
...     Normal element mounting (39 frames)
#52     Element.inflateWidget (package:flutter/src/widgets/framework.dart:4587:20)
#53     MultiChildRenderObjectElement.inflateWidget (package:flutter/src/widgets/framework.dart:7264:36)
#54     MultiChildRenderObjectElement.mount (package:flutter/src/widgets/framework.dart:7279:32)
...     Normal element mounting (31 frames)
#85     Element.inflateWidget (package:flutter/src/widgets/framework.dart:4587:20)
#86     MultiChildRenderObjectElement.inflateWidget (package:flutter/src/widgets/framework.dart:7264:36)
#87     MultiChildRenderObjectElement.mount (package:flutter/src/widgets/framework.dart:7279:32)
...     Normal element mounting (372 frames)
#459    Element.inflateWidget (package:flutter/src/widgets/framework.dart:4587:20)
#460    MultiChildRenderObjectElement.inflateWidget (package:flutter/src/widgets/framework.dart:7264:36)
#461    MultiChildRenderObjectElement.mount (package:flutter/src/widgets/framework.dart:7279:32)
...     Normal element mounting (456 frames)
#917    _InheritedProviderScopeElement.mount (package:provider/src/inherited_provider.dart:424:11)
...     Normal element mounting (7 frames)
#924    _InheritedProviderScopeElement.mount (package:provider/src/inherited_provider.dart:424:11)
...     Normal element mounting (7 frames)
#931    _InheritedProviderScopeElement.mount (package:provider/src/inherited_provider.dart:424:11)
...     Normal element mounting (7 frames)
#938    _InheritedProviderScopeElement.mount (package:provider/src/inherited_provider.dart:424:11)
...     Normal element mounting (7 frames)
#945    SingleChildWidgetElementMixin.mount (package:nested/nested.dart:222:11)
...     Normal element mounting (7 frames)
#952    _NestedHookElement.mount (package:nested/nested.dart:187:11)
...     Normal element mounting (7 frames)
#959    SingleChildWidgetElementMixin.mount (package:nested/nested.dart:222:11)
...     Normal element mounting (7 frames)
#966    Element.inflateWidget (package:flutter/src/widgets/framework.dart:4587:20)
#967    Element.updateChild (package:flutter/src/widgets/framework.dart:4053:20)
#968    ComponentElement.performRebuild (package:flutter/src/widgets/framework.dart:5841:16)
#969    Element.rebuild (package:flutter/src/widgets/framework.dart:5529:7)
#970    ProxyElement.update (package:flutter/src/widgets/framework.dart:6149:5)
#971    _InheritedNotifierElement.update (package:flutter/src/widgets/inherited_notifier.dart:108:11)
#972    Element.updateChild (package:flutter/src/widgets/framework.dart:4037:15)
#973    ComponentElement.performRebuild (package:flutter/src/widgets/framework.dart:5841:16)
#974    StatefulElement.performRebuild (package:flutter/src/widgets/framework.dart:5982:11)
#975    Element.rebuild (package:flutter/src/widgets/framework.dart:5529:7)
#976    StatefulElement.update (package:flutter/src/widgets/framework.dart:6007:5)
#977    Element.updateChild (package:flutter/src/widgets/framework.dart:4037:15)
#978    ComponentElement.performRebuild (package:flutter/src/widgets/framework.dart:5841:16)
#979    Element.rebuild (package:flutter/src/widgets/framework.dart:5529:7)
#980    ProxyElement.update (package:flutter/src/widgets/framework.dart:6149:5)
#981    _InheritedNotifierElement.update (package:flutter/src/widgets/inherited_notifier.dart:108:11)
#982    Element.updateChild (package:flutter/src/widgets/framework.dart:4037:15)
#983    ComponentElement.performRebuild (package:flutter/src/widgets/framework.dart:5841:16)
#984    StatefulElement.performRebuild (package:flutter/src/widgets/framework.dart:5982:11)
#985    Element.rebuild (package:flutter/src/widgets/framework.dart:5529:7)
#986    StatefulElement.update (package:flutter/src/widgets/framework.dart:6007:5)
#987    Element.updateChild (package:flutter/src/widgets/framework.dart:4037:15)
#988    ComponentElement.performRebuild (package:flutter/src/widgets/framework.dart:5841:16)
#989    StatefulElement.performRebuild (package:flutter/src/widgets/framework.dart:5982:11)
#990    Element.rebuild (package:flutter/src/widgets/framework.dart:5529:7)
#991    StatefulElement.update (package:flutter/src/widgets/framework.dart:6007:5)
#992    Element.updateChild (package:flutter/src/widgets/framework.dart:4037:15)
#993    ComponentElement.performRebuild (package:flutter/src/widgets/framework.dart:5841:16)
#994    Element.rebuild (package:flutter/src/widgets/framework.dart:5529:7)
#995    ProxyElement.update (package:flutter/src/widgets/framework.dart:6149:5)
#996    Element.updateChild (package:flutter/src/widgets/framework.dart:4037:15)
#997    ComponentElement.performRebuild (package:flutter/src/widgets/framework.dart:5841:16)
#998    StatefulElement.performRebuild (package:flutter/src/widgets/framework.dart:5982:11)
#999    Element.rebuild (package:flutter/src/widgets/framework.dart:5529:7)
#1000   StatefulElement.update (package:flutter/src/widgets/framework.dart:6007:5)
#1001   Element.updateChild (package:flutter/src/widgets/framework.dart:4037:15)
#1002   ComponentElement.performRebuild (package:flutter/src/widgets/framework.dart:5841:16)
#1003   Element.rebuild (package:flutter/src/widgets/framework.dart:5529:7)
#1004   ProxyElement.update (package:flutter/src/widgets/framework.dart:6149:5)
#1005   Element.updateChild (package:flutter/src/widgets/framework.dart:4037:15)
#1006   ComponentElement.performRebuild (package:flutter/src/widgets/framework.dart:5841:16)
#1007   Element.rebuild (package:flutter/src/widgets/framework.dart:5529:7)
#1008   ProxyElement.update (package:flutter/src/widgets/framework.dart:6149:5)
#1009   Element.updateChild (package:flutter/src/widgets/framework.dart:4037:15)
#1010   _RawViewElement._updateChild (package:flutter/src/widgets/view.dart:481:16)
#1011   _RawViewElement.update (package:flutter/src/widgets/view.dart:568:5)
#1012   Element.updateChild (package:flutter/src/widgets/framework.dart:4037:15)
#1013   ComponentElement.performRebuild (package:flutter/src/widgets/framework.dart:5841:16)
#1014   Element.rebuild (package:flutter/src/widgets/framework.dart:5529:7)
#1015   StatelessElement.update (package:flutter/src/widgets/framework.dart:5895:5)
#1016   Element.updateChild (package:flutter/src/widgets/framework.dart:4037:15)
#1017   ComponentElement.performRebuild (package:flutter/src/widgets/framework.dart:5841:16)
#1018   StatefulElement.performRebuild (package:flutter/src/widgets/framework.dart:5982:11)
#1019   Element.rebuild (package:flutter/src/widgets/framework.dart:5529:7)
#1020   StatefulElement.update (package:flutter/src/widgets/framework.dart:6007:5)
#1021   Element.updateChild (package:flutter/src/widgets/framework.dart:4037:15)
#1022   RootElement._rebuild (package:flutter/src/widgets/binding.dart:1822:16)
#1023   RootElement.update (package:flutter/src/widgets/binding.dart:1800:5)
#1024   RootElement.performRebuild (package:flutter/src/widgets/binding.dart:1814:7)
#1025   Element.rebuild (package:flutter/src/widgets/framework.dart:5529:7)
#1026   BuildScope._tryRebuild (package:flutter/src/widgets/framework.dart:2750:15)
#1027   BuildScope._flushDirtyElements (package:flutter/src/widgets/framework.dart:2807:11)
#1028   BuildOwner.buildScope (package:flutter/src/widgets/framework.dart:3111:18)
#1029   AutomatedTestWidgetsFlutterBinding.drawFrame (package:flutter_test/src/binding.dart:2131:19)
#1030   RendererBinding._handlePersistentFrameCallback (package:flutter/src/rendering/binding.dart:495:5)
#1031   SchedulerBinding._invokeFrameCallback (package:flutter/src/scheduler/binding.dart:1430:15)
#1032   SchedulerBinding.handleDrawFrame (package:flutter/src/scheduler/binding.dart:1345:9)
#1033   AutomatedTestWidgetsFlutterBinding.pump.<anonymous closure> (package:flutter_test/src/binding.dart:1960:9)
#1036   TestAsyncUtils.guard (package:flutter_test/src/test_async_utils.dart:74:41)
#1037   AutomatedTestWidgetsFlutterBinding.pump (package:flutter_test/src/binding.dart:1949:27)
#1038   WidgetTester.pumpWidget.<anonymous closure> (package:flutter_test/src/widget_tester.dart:598:22)
#1041   TestAsyncUtils.guard (package:flutter_test/src/test_async_utils.dart:74:41)
#1042   WidgetTester.pumpWidget (package:flutter_test/src/widget_tester.dart:595:27)
#1043   main.<anonymous closure> (file:///E:/project/printflow/test/widget_test.dart:6:18)
#1044   testWidgets.<anonymous closure>.<anonymous closure> (package:flutter_test/src/widget_tester.dart:192:29)
<asynchronous suspension>
#1045   TestWidgetsFlutterBinding._runTestBody (package:flutter_test/src/binding.dart:1682:5)
<asynchronous suspension>
<asynchronous suspension>
(elided 5 frames from dart:async and package:stack_trace)

════════════════════════════════════════════════════════════════════════════════════════════════════
══╡ EXCEPTION CAUGHT BY FLUTTER TEST FRAMEWORK ╞════════════════════════════════════════════════════
The following message was thrown:
Multiple exceptions (5) were detected during the running of the current test, and at least one was
unexpected.
════════════════════════════════════════════════════════════════════════════════════════════════════
00:00 +0 -1: PrintFlow app smoke test [E]
  Test failed. See exception logs above.
  The test description was: PrintFlow app smoke test
  
00:00 +0 -1: Some tests failed.
